C51 COMPILER V9.52.0.0   0099LED                                                           07/31/2019 00:32:03 PAGE 1   


C51 COMPILER V9.52.0.0, COMPILATION OF MODULE 0099LED
OBJECT MODULE PLACED IN .\0099led.obj
COMPILER INVOKED BY: E:\KeilC\C51\BIN\C51.EXE ..\Button\0099led.c BROWSE DEBUG OBJECTEXTEND PRINT(.\0099led.lst) TABS(2)
                    - OBJECT(.\0099led.obj)

line level    source

   1          #include"..\Lib\main.h"
   2          #include"..\Lib\delay.h"
   3          unsigned char code Code7Seg[] = {0xC0, 0xF9, 0xA4, 0xB0, 0x99, 0x92, 0x82, 0xF8, 0x80, 0x90};
   4          #define LED_PORT P3
   5          sbit LED1_PIN= P2^0;
   6          sbit LED2_PIN=P2^1;
   7          
   8          void main()
   9          {
  10   1        unsigned char i,chuc,donvi,j;
  11   1        while(1)
  12   1        {
  13   2          for(i=0;i<100;i++)
  14   2          {
  15   3            chuc=i/10;
  16   3            donvi=i%10;
  17   3            
  18   3            
  19   3              LED_PORT=Code7Seg[chuc];
  20   3            LED1_PIN=0;
  21   3            delay_ms(50);
  22   3            LED1_PIN=1;
  23   3            //
  24   3            LED_PORT=Code7Seg[donvi];
  25   3            LED2_PIN=0;
  26   3            delay_ms(50);
  27   3            LED2_PIN=1;
  28   3            
  29   3            
  30   3            
  31   3          }
  32   2          
  33   2        }
  34   1      
  35   1      }
*** WARNING C280 IN LINE 10 OF ..\Button\0099led.c: 'j': unreferenced local variable


MODULE INFORMATION:   STATIC OVERLAYABLE
   CODE SIZE        =     69    ----
   CONSTANT SIZE    =     10    ----
   XDATA SIZE       =   ----    ----
   PDATA SIZE       =   ----    ----
   DATA SIZE        =   ----       4
   IDATA SIZE       =   ----    ----
   BIT SIZE         =   ----    ----
END OF MODULE INFORMATION.


C51 COMPILATION COMPLETE.  1 WARNING(S),  0 ERROR(S)
